// Jest Snapshot v1, https://goo.gl/fbAQLP

exports[`WeatherWidget renders correctly with a cityId 1`] = `
<div>
  <div
    id="openweathermap-widget-15-123"
  />
</div>
`;
